Archive member included to satisfy reference by file (symbol)

/Applications/STM32CubeIDE.app/Contents/Eclipse/plugins/com.st.stm32cube.ide.mcu.externaltools.gnu-tools-for-stm32.12.3.rel1.macos64_1.0.200.202406191456/tools/bin/../lib/gcc/arm-none-eabi/12.3.1/../../../../arm-none-eabi/lib/thumb/v7e-m+fp/hard/libc_nano.a(libc_a-exit.o)
                              /Applications/STM32CubeIDE.app/Contents/Eclipse/plugins/com.st.stm32cube.ide.mcu.externaltools.gnu-tools-for-stm32.12.3.rel1.macos64_1.0.200.202406191456/tools/bin/../lib/gcc/arm-none-eabi/12.3.1/../../../../arm-none-eabi/lib/thumb/v7e-m+fp/hard/crt0.o (exit)
/Applications/STM32CubeIDE.app/Contents/Eclipse/plugins/com.st.stm32cube.ide.mcu.externaltools.gnu-tools-for-stm32.12.3.rel1.macos64_1.0.200.202406191456/tools/bin/../lib/gcc/arm-none-eabi/12.3.1/../../../../arm-none-eabi/lib/thumb/v7e-m+fp/hard/libc_nano.a(libc_a-findfp.o)
                              /Applications/STM32CubeIDE.app/Contents/Eclipse/plugins/com.st.stm32cube.ide.mcu.externaltools.gnu-tools-for-stm32.12.3.rel1.macos64_1.0.200.202406191456/tools/bin/../lib/gcc/arm-none-eabi/12.3.1/../../../../arm-none-eabi/lib/thumb/v7e-m+fp/hard/libc_nano.a(libc_a-exit.o) (__stdio_exit_handler)
/Applications/STM32CubeIDE.app/Contents/Eclipse/plugins/com.st.stm32cube.ide.mcu.externaltools.gnu-tools-for-stm32.12.3.rel1.macos64_1.0.200.202406191456/tools/bin/../lib/gcc/arm-none-eabi/12.3.1/../../../../arm-none-eabi/lib/thumb/v7e-m+fp/hard/libc_nano.a(libc_a-fwalk.o)
                              /Applications/STM32CubeIDE.app/Contents/Eclipse/plugins/com.st.stm32cube.ide.mcu.externaltools.gnu-tools-for-stm32.12.3.rel1.macos64_1.0.200.202406191456/tools/bin/../lib/gcc/arm-none-eabi/12.3.1/../../../../arm-none-eabi/lib/thumb/v7e-m+fp/hard/libc_nano.a(libc_a-findfp.o) (_fwalk_sglue)
/Applications/STM32CubeIDE.app/Contents/Eclipse/plugins/com.st.stm32cube.ide.mcu.externaltools.gnu-tools-for-stm32.12.3.rel1.macos64_1.0.200.202406191456/tools/bin/../lib/gcc/arm-none-eabi/12.3.1/../../../../arm-none-eabi/lib/thumb/v7e-m+fp/hard/libc_nano.a(libc_a-memset.o)
                              /Applications/STM32CubeIDE.app/Contents/Eclipse/plugins/com.st.stm32cube.ide.mcu.externaltools.gnu-tools-for-stm32.12.3.rel1.macos64_1.0.200.202406191456/tools/bin/../lib/gcc/arm-none-eabi/12.3.1/../../../../arm-none-eabi/lib/thumb/v7e-m+fp/hard/crt0.o (memset)
/Applications/STM32CubeIDE.app/Contents/Eclipse/plugins/com.st.stm32cube.ide.mcu.externaltools.gnu-tools-for-stm32.12.3.rel1.macos64_1.0.200.202406191456/tools/bin/../lib/gcc/arm-none-eabi/12.3.1/../../../../arm-none-eabi/lib/thumb/v7e-m+fp/hard/libc_nano.a(libc_a-impure.o)
                              /Applications/STM32CubeIDE.app/Contents/Eclipse/plugins/com.st.stm32cube.ide.mcu.externaltools.gnu-tools-for-stm32.12.3.rel1.macos64_1.0.200.202406191456/tools/bin/../lib/gcc/arm-none-eabi/12.3.1/../../../../arm-none-eabi/lib/thumb/v7e-m+fp/hard/libc_nano.a(libc_a-findfp.o) (_impure_data)
/Applications/STM32CubeIDE.app/Contents/Eclipse/plugins/com.st.stm32cube.ide.mcu.externaltools.gnu-tools-for-stm32.12.3.rel1.macos64_1.0.200.202406191456/tools/bin/../lib/gcc/arm-none-eabi/12.3.1/../../../../arm-none-eabi/lib/thumb/v7e-m+fp/hard/libc_nano.a(libc_a-errno.o)
                              ./Core/Src/syscalls.o (__errno)
/Applications/STM32CubeIDE.app/Contents/Eclipse/plugins/com.st.stm32cube.ide.mcu.externaltools.gnu-tools-for-stm32.12.3.rel1.macos64_1.0.200.202406191456/tools/bin/../lib/gcc/arm-none-eabi/12.3.1/../../../../arm-none-eabi/lib/thumb/v7e-m+fp/hard/libc_nano.a(libc_a-init.o)
                              /Applications/STM32CubeIDE.app/Contents/Eclipse/plugins/com.st.stm32cube.ide.mcu.externaltools.gnu-tools-for-stm32.12.3.rel1.macos64_1.0.200.202406191456/tools/bin/../lib/gcc/arm-none-eabi/12.3.1/../../../../arm-none-eabi/lib/thumb/v7e-m+fp/hard/crt0.o (__libc_init_array)
/Applications/STM32CubeIDE.app/Contents/Eclipse/plugins/com.st.stm32cube.ide.mcu.externaltools.gnu-tools-for-stm32.12.3.rel1.macos64_1.0.200.202406191456/tools/bin/../lib/gcc/arm-none-eabi/12.3.1/../../../../arm-none-eabi/lib/thumb/v7e-m+fp/hard/libc_nano.a(libc_a-lock.o)
                              /Applications/STM32CubeIDE.app/Contents/Eclipse/plugins/com.st.stm32cube.ide.mcu.externaltools.gnu-tools-for-stm32.12.3.rel1.macos64_1.0.200.202406191456/tools/bin/../lib/gcc/arm-none-eabi/12.3.1/../../../../arm-none-eabi/lib/thumb/v7e-m+fp/hard/libc_nano.a(libc_a-findfp.o) (__retarget_lock_init_recursive)
/Applications/STM32CubeIDE.app/Contents/Eclipse/plugins/com.st.stm32cube.ide.mcu.externaltools.gnu-tools-for-stm32.12.3.rel1.macos64_1.0.200.202406191456/tools/bin/../lib/gcc/arm-none-eabi/12.3.1/../../../../arm-none-eabi/lib/thumb/v7e-m+fp/hard/libc_nano.a(libc_a-memcpy-stub.o)
                              ./Core/Src/ads1115.o (memcpy)
[...]
Memory Configuration

Name             Origin             Length             Attributes
CCMRAM           0x10000000         0x00001000         xrw
RAM              0x20000000         0x00003000         xrw
FLASH            0x08000000         0x00010000         xr
*default*        0x00000000         0xffffffff

Linker script and memory map

LOAD /Applications/STM32CubeIDE.app/Contents/Eclipse/plugins/com.st.stm32cube.ide.mcu.externaltools.gnu-tools-for-stm32.12.3.rel1.macos64_1.0.200.202406191456/tools/bin/../lib/gcc/arm-none-eabi/12.3.1/thumb/v7e-m+fp/hard/crti.o
LOAD /Applications/STM32CubeIDE.app/Contents/Eclipse/plugins/com.st.stm32cube.ide.mcu.externaltools.gnu-tools-for-stm32.12.3.rel1.macos64_1.0.200.202406191456/tools/bin/../lib/gcc/arm-none-eabi/12.3.1/thumb/v7e-m+fp/hard/crtbegin.o
LOAD /Applications/STM32CubeIDE.app/Contents/Eclipse/plugins/com.st.stm32cube.ide.mcu.externaltools.gnu-tools-for-stm32.12.3.rel1.macos64_1.0.200.202406191456/tools/bin/../lib/gcc/arm-none-eabi/12.3.1/../../../../arm-none-eabi/lib/thumb/v7e-m+fp/hard/crt0.o
LOAD ./Core/Src/ads1115.o
LOAD ./Core/Src/main.o
LOAD ./Core/Src/stm32f3xx_hal_msp.o
LOAD ./Core/Src/stm32f3xx_it.o
LOAD ./Core/Src/syscalls.o
LOAD ./Core/Src/sysmem.o
LOAD ./Core/Src/system_stm32f3xx.o
LOAD ./Core/Startup/startup_stm32f303k8tx.o
LOAD ./Drivers/STM32F3xx_HAL_Driver/Src/stm32f3xx_hal.o
LOAD ./Drivers/STM32F3xx_HAL_Driver/Src/stm32f3xx_hal_cortex.o
LOAD ./Drivers/STM32F3xx_HAL_Driver/Src/stm32f3xx_hal_dma.o
LOAD ./Drivers/STM32F3xx_HAL_Driver/Src/stm32f3xx_hal_exti.o
LOAD ./Drivers/STM32F3xx_HAL_Driver/Src/stm32f3xx_hal_flash.o
LOAD ./Drivers/STM32F3xx_HAL_Driver/Src/stm32f3xx_hal_flash_ex.o
LOAD ./Drivers/STM32F3xx_HAL_Driver/Src/stm32f3xx_hal_gpio.o
LOAD ./Drivers/STM32F3xx_HAL_Driver/Src/stm32f3xx_hal_i2c.o
LOAD ./Drivers/STM32F3xx_HAL_Driver/Src/stm32f3xx_hal_i2c_ex.o
LOAD ./Drivers/STM32F3xx_HAL_Driver/Src/stm32f3xx_hal_pwr.o
LOAD ./Drivers/STM32F3xx_HAL_Driver/Src/stm32f3xx_hal_pwr_ex.o
LOAD ./Drivers/STM32F3xx_HAL_Driver/Src/stm32f3xx_hal_rcc.o
LOAD ./Drivers/STM32F3xx_HAL_Driver/Src/stm32f3xx_hal_rcc_ex.o
LOAD ./Drivers/STM32F3xx_HAL_Driver/Src/stm32f3xx_hal_tim.o
LOAD ./Drivers/STM32F3xx_HAL_Driver/Src/stm32f3xx_hal_tim_ex.o
START GROUP
LOAD /Applications/STM32CubeIDE.app/Contents/Eclipse/plugins/com.st.stm32cube.ide.mcu.externaltools.gnu-tools-for-stm32.12.3.rel1.macos64_1.0.200.202406191456/tools/bin/../lib/gcc/arm-none-eabi/12.3.1/../../../../arm-none-eabi/lib/thumb/v7e-m+fp/hard/libc_nano.a
LOAD /Applications/STM32CubeIDE.app/Contents/Eclipse/plugins/com.st.stm32cube.ide.mcu.externaltools.gnu-tools-for-stm32.12.3.rel1.macos64_1.0.200.202406191456/tools/bin/../lib/gcc/arm-none-eabi/12.3.1/../../../../arm-none-eabi/lib/thumb/v7e-m+fp/hard/libm.a
END GROUP
START GROUP
LOAD /Applications/STM32CubeIDE.app/Contents/Eclipse/plugins/com.st.stm32cube.ide.mcu.externaltools.gnu-tools-for-stm32.12.3.rel1.macos64_1.0.200.202406191456/tools/bin/../lib/gcc/arm-none-eabi/12.3.1/thumb/v7e-m+fp/hard/libgcc.a
LOAD /Applications/STM32CubeIDE.app/Contents/Eclipse/plugins/com.st.stm32cube.ide.mcu.externaltools.gnu-tools-for-stm32.12.3.rel1.macos64_1.0.200.202406191456/tools/bin/../lib/gcc/arm-none-eabi/12.3.1/../../../../arm-none-eabi/lib/thumb/v7e-m+fp/hard/libc_nano.a
END GROUP
START GROUP
LOAD /Applications/STM32CubeIDE.app/Contents/Eclipse/plugins/com.st.stm32cube.ide.mcu.externaltools.gnu-tools-for-stm32.12.3.rel1.macos64_1.0.200.202406191456/tools/bin/../lib/gcc/arm-none-eabi/12.3.1/thumb/v7e-m+fp/hard/libgcc.a
LOAD /Applications/STM32CubeIDE.app/Contents/Eclipse/plugins/com.st.stm32cube.ide.mcu.externaltools.gnu-tools-for-stm32.12.3.rel1.macos64_1.0.200.202406191456/tools/bin/../lib/gcc/arm-none-eabi/12.3.1/../../../../arm-none-eabi/lib/thumb/v7e-m+fp/hard/libc_nano.a
LOAD /Applications/STM32CubeIDE.app/Contents/Eclipse/plugins/com.st.stm32cube.ide.mcu.externaltools.gnu-tools-for-stm32.12.3.rel1.macos64_1.0.200.202406191456/tools/bin/../lib/gcc/arm-none-eabi/12.3.1/../../../../arm-none-eabi/lib/thumb/v7e-m+fp/hard/libnosys.a
END GROUP
START GROUP
LOAD /Applications/STM32CubeIDE.app/Contents/Eclipse/plugins/com.st.stm32cube.ide.mcu.externaltools.gnu-tools-for-stm32.12.3.rel1.macos64_1.0.200.202406191456/tools/bin/../lib/gcc/arm-none-eabi/12.3.1/thumb/v7e-m+fp/hard/libgcc.a
LOAD /Applications/STM32CubeIDE.app/Contents/Eclipse/plugins/com.st.stm32cube.ide.mcu.externaltools.gnu-tools-for-stm32.12.3.rel1.macos64_1.0.200.202406191456/tools/bin/../lib/gcc/arm-none-eabi/12.3.1/../../../../arm-none-eabi/lib/thumb/v7e-m+fp/hard/libc_nano.a
LOAD /Applications/STM32CubeIDE.app/Contents/Eclipse/plugins/com.st.stm32cube.ide.mcu.externaltools.gnu-tools-for-stm32.12.3.rel1.macos64_1.0.200.202406191456/tools/bin/../lib/gcc/arm-none-eabi/12.3.1/../../../../arm-none-eabi/lib/thumb/v7e-m+fp/hard/libnosys.a
END GROUP
LOAD /Applications/STM32CubeIDE.app/Contents/Eclipse/plugins/com.st.stm32cube.ide.mcu.externaltools.gnu-tools-for-stm32.12.3.rel1.macos64_1.0.200.202406191456/tools/bin/../lib/gcc/arm-none-eabi/12.3.1/thumb/v7e-m+fp/hard/crtend.o
LOAD /Applications/STM32CubeIDE.app/Contents/Eclipse/plugins/com.st.stm32cube.ide.mcu.externaltools.gnu-tools-for-stm32.12.3.rel1.macos64_1.0.200.202406191456/tools/bin/../lib/gcc/arm-none-eabi/12.3.1/thumb/v7e-m+fp/hard/crtn.o
                0x20003000                        _estack = (ORIGIN (RAM) + LENGTH (RAM))
                0x00000200                        _Min_Heap_Size = 0x200
                0x00000400                        _Min_Stack_Size = 0x400

.isr_vector     0x08000000      0x188
                0x08000000                        . = ALIGN (0x4)
 *(.isr_vector)
 .isr_vector    0x08000000      0x188 ./Core/Startup/startup_stm32f303k8tx.o
                0x08000000                g_pfnVectors
                0x08000188                        . = ALIGN (0x4)

.text           0x08000188     0x3084
                0x08000188                        . = ALIGN (0x4)
 *(.text)
 .text          0x08000188       0x40 /Applications/STM32CubeIDE.app/Contents/Eclipse/plugins/com.st.stm32cube.ide.mcu.externaltools.gnu-tools-for-stm32.12.3.rel1.macos64_1.0.200.202406191456/tools/bin/../lib/gcc/arm-none-eabi/12.3.1/thumb/v7e-m+fp/hard/crtbegin.o
 *(.text*)
 .text.ADS1115_Init
                0x080001c8       0xe8 ./Core/Src/ads1115.o
                0x080001c8                ADS1115_Init
 .text.ADS1115_readSingleEnded
                0x080002b0      0x138 ./Core/Src/ads1115.o
                0x080002b0                ADS1115_readSingleEnded
 .text.main     0x080003e8       0x44 ./Core/Src/main.o
                0x080003e8                main
 .text.SystemClock_Config
                0x0800042c       0xa4 ./Core/Src/main.o
                0x0800042c                SystemClock_Config
 .text.MX_I2C1_Init
                0x080004d0       0x80 ./Core/Src/main.o
 .text.MX_GPIO_Init
                0x08000550       0x30 ./Core/Src/main.o
 .text.Error_Handler
                0x08000580        0xc ./Core/Src/main.o
                0x08000580                Error_Handler
 .text.HAL_MspInit
                0x0800058c       0x48 ./Core/Src/stm32f3xx_hal_msp.o
                0x0800058c                HAL_MspInit
 .text.HAL_I2C_MspInit
                0x080005d4       0x88 ./Core/Src/stm32f3xx_hal_msp.o
                0x080005d4                HAL_I2C_MspInit
 .text.NMI_Handler
                0x0800065c        0x8 ./Core/Src/stm32f3xx_it.o
                0x0800065c                NMI_Handler
 .text.HardFault_Handler
                0x08000664        0x8 ./Core/Src/stm32f3xx_it.o
                0x08000664                HardFault_Handler
 .text.MemManage_Handler
                0x0800066c        0x8 ./Core/Src/stm32f3xx_it.o
                0x0800066c                MemManage_Handler
 .text.BusFault_Handler
                0x08000674        0x8 ./Core/Src/stm32f3xx_it.o
                0x08000674                BusFault_Handler
 .text.UsageFault_Handler
                0x0800067c        0x8 ./Core/Src/stm32f3xx_it.o
                0x0800067c                UsageFault_Handler
 .text.SVC_Handler
                0x08000684        0xe ./Core/Src/stm32f3xx_it.o
                0x08000684                SVC_Handler
 .text.DebugMon_Handler
                0x08000692        0xe ./Core/Src/stm32f3xx_it.o
                0x08000692                DebugMon_Handler
 .text.PendSV_Handler
                0x080006a0        0xe ./Core/Src/stm32f3xx_it.o
                0x080006a0                PendSV_Handler
 .text.SysTick_Handler
                0x080006ae        0xc ./Core/Src/stm32f3xx_it.o
                0x080006ae                SysTick_Handler
 *fill*         0x080006ba        0x2 
 .text.SystemInit
                0x080006bc       0x24 ./Core/Src/system_stm32f3xx.o
                0x080006bc                SystemInit
 .text.Reset_Handler
                0x080006e0       0x50 ./Core/Startup/startup_stm32f303k8tx.o
                0x080006e0                Reset_Handler
 .text.Default_Handler
                0x08000730        0x2 ./Core/Startup/startup_stm32f303k8tx.o
                0x08000730                TIM1_BRK_TIM15_IRQHandler
                0x08000730                TIM1_CC_IRQHandler
                0x08000730                PVD_IRQHandler
                0x08000730                TAMP_STAMP_IRQHandler
                0x08000730                EXTI3_IRQHandler
                0x08000730                EXTI0_IRQHandler
                0x08000730                FPU_IRQHandler
                0x08000730                CAN_TX_IRQHandler
                0x08000730                TIM1_UP_TIM16_IRQHandler
                0x08000730                ADC1_2_IRQHandler
                0x08000730                SPI1_IRQHandler
                0x08000730                CAN_SCE_IRQHandler
                0x08000730                DMA1_Channel4_IRQHandler
                0x08000730                USART3_IRQHandler
                0x08000730                DMA1_Channel7_IRQHandler
                0x08000730                TIM7_DAC2_IRQHandler
                0x08000730                CAN_RX1_IRQHandler
                0x08000730                I2C1_EV_IRQHandler
                0x08000730                DMA1_Channel6_IRQHandler
                0x08000730                TIM3_IRQHandler
                0x08000730                RCC_IRQHandler
                0x08000730                DMA1_Channel1_IRQHandler
                0x08000730                Default_Handler
                0x08000730                EXTI15_10_IRQHandler
                0x08000730                COMP2_IRQHandler
                0x08000730                TIM6_DAC1_IRQHandler
                0x08000730                EXTI9_5_IRQHandler
                0x08000730                RTC_WKUP_IRQHandler
                0x08000730                DMA1_Channel5_IRQHandler
                0x08000730                EXTI4_IRQHandler
                0x08000730                TIM1_TRG_COM_TIM17_IRQHandler
                0x08000730                DMA1_Channel3_IRQHandler
                0x08000730                WWDG_IRQHandler
                0x08000730                TIM2_IRQHandler
                0x08000730                EXTI1_IRQHandler
                0x08000730                COMP4_6_IRQHandler
                0x08000730                USART2_IRQHandler
                0x08000730                DMA1_Channel2_IRQHandler
                0x08000730                FLASH_IRQHandler
                0x08000730                USART1_IRQHandler
                0x08000730                CAN_RX0_IRQHandler
                0x08000730                I2C1_ER_IRQHandler
                0x08000730                EXTI2_TSC_IRQHandler
                0x08000730                RTC_Alarm_IRQHandler
 *fill*         0x08000732        0x2 
 .text.HAL_Init
                0x08000734       0x2c ./Drivers/STM32F3xx_HAL_Driver/Src/stm32f3xx_hal.o
                0x08000734                HAL_Init
 .text.HAL_InitTick
                0x08000760       0x60 ./Drivers/STM32F3xx_HAL_Driver/Src/stm32f3xx_hal.o
                0x08000760                HAL_InitTick
 .text.HAL_IncTick
                0x080007c0       0x28 ./Drivers/STM32F3xx_HAL_Driver/Src/stm32f3xx_hal.o
                0x080007c0                HAL_IncTick
 .text.HAL_GetTick
                0x080007e8       0x18 ./Drivers/STM32F3xx_HAL_Driver/Src/stm32f3xx_hal.o
                0x080007e8                HAL_GetTick
 .text.HAL_Delay
                0x08000800       0x48 ./Drivers/STM32F3xx_HAL_Driver/Src/stm32f3xx_hal.o
                0x08000800                HAL_Delay
 .text.__NVIC_SetPriorityGrouping
                0x08000848       0x48 ./Drivers/STM32F3xx_HAL_Driver/Src/stm32f3xx_hal_cortex.o
 .text.__NVIC_GetPriorityGrouping
                0x08000890       0x1c ./Drivers/STM32F3xx_HAL_Driver/Src/stm32f3xx_hal_cortex.o
 .text.__NVIC_SetPriority
                0x080008ac       0x54 ./Drivers/STM32F3xx_HAL_Driver/Src/stm32f3xx_hal_cortex.o
 .text.NVIC_EncodePriority
                0x08000900       0x66 ./Drivers/STM32F3xx_HAL_Driver/Src/stm32f3xx_hal_cortex.o
 *fill*         0x08000966        0x2 
 .text.SysTick_Config
                0x08000968       0x44 ./Drivers/STM32F3xx_HAL_Driver/Src/stm32f3xx_hal_cortex.o
 .text.HAL_NVIC_SetPriorityGrouping
                0x080009ac       0x16 ./Drivers/STM32F3xx_HAL_Driver/Src/stm32f3xx_hal_cortex.o
                0x080009ac                HAL_NVIC_SetPriorityGrouping
 .text.HAL_NVIC_SetPriority
                0x080009c2       0x38 ./Drivers/STM32F3xx_HAL_Driver/Src/stm32f3xx_hal_cortex.o
                0x080009c2                HAL_NVIC_SetPriority
 .text.HAL_SYSTICK_Config
                0x080009fa       0x18 ./Drivers/STM32F3xx_HAL_Driver/Src/stm32f3xx_hal_cortex.o
                0x080009fa                HAL_SYSTICK_Config
 *fill*         0x08000a12        0x2 
 .text.HAL_GPIO_Init
                0x08000a14      0x2e4 ./Drivers/STM32F3xx_HAL_Driver/Src/stm32f3xx_hal_gpio.o
                0x08000a14                HAL_GPIO_Init
 .text.HAL_I2C_Init
                0x08000cf8      0x136 ./Drivers/STM32F3xx_HAL_Driver/Src/stm32f3xx_hal_i2c.o
                0x08000cf8                HAL_I2C_Init
 *fill*         0x08000e2e        0x2 
 .text.HAL_I2C_Mem_Write
                0x08000e30      0x228 ./Drivers/STM32F3xx_HAL_Driver/Src/stm32f3xx_hal_i2c.o
                0x08000e30                HAL_I2C_Mem_Write
 .text.HAL_I2C_Mem_Read
                0x08001058      0x234 ./Drivers/STM32F3xx_HAL_Driver/Src/stm32f3xx_hal_i2c.o
                0x08001058                HAL_I2C_Mem_Read
 .text.HAL_I2C_IsDeviceReady
                0x0800128c      0x1d8 ./Drivers/STM32F3xx_HAL_Driver/Src/stm32f3xx_hal_i2c.o
                0x0800128c                HAL_I2C_IsDeviceReady
 .text.I2C_RequestMemoryWrite
                0x08001464       0xa8 ./Drivers/STM32F3xx_HAL_Driver/Src/stm32f3xx_hal_i2c.o
 .text.I2C_RequestMemoryRead
                0x0800150c       0xa8 ./Drivers/STM32F3xx_HAL_Driver/Src/stm32f3xx_hal_i2c.o
 .text.I2C_Flush_TXDR
                0x080015b4       0x48 ./Drivers/STM32F3xx_HAL_Driver/Src/stm32f3xx_hal_i2c.o
 .text.I2C_WaitOnFlagUntilTimeout
                0x080015fc       0xb2 ./Drivers/STM32F3xx_HAL_Driver/Src/stm32f3xx_hal_i2c.o
 .text.I2C_WaitOnTXISFlagUntilTimeout
                0x080016ae       0x8e ./Drivers/STM32F3xx_HAL_Driver/Src/stm32f3xx_hal_i2c.o
 .text.I2C_WaitOnSTOPFlagUntilTimeout
                0x0800173c       0x86 ./Drivers/STM32F3xx_HAL_Driver/Src/stm32f3xx_hal_i2c.o
 *fill*         0x080017c2        0x2 
 .text.I2C_IsErrorOccurred
                0x080017c4      0x1c0 ./Drivers/STM32F3xx_HAL_Driver/Src/stm32f3xx_hal_i2c.o
 .text.I2C_TransferConfig
                0x08001984       0x64 ./Drivers/STM32F3xx_HAL_Driver/Src/stm32f3xx_hal_i2c.o
 .text.HAL_I2CEx_ConfigAnalogFilter
                0x080019e8       0x96 ./Drivers/STM32F3xx_HAL_Driver/Src/stm32f3xx_hal_i2c_ex.o
                0x080019e8                HAL_I2CEx_ConfigAnalogFilter
 .text.HAL_I2CEx_ConfigDigitalFilter
                0x08001a7e       0x98 ./Drivers/STM32F3xx_HAL_Driver/Src/stm32f3xx_hal_i2c_ex.o
                0x08001a7e                HAL_I2CEx_ConfigDigitalFilter
 *fill*         0x08001b16        0x2 
 .text.HAL_RCC_OscConfig
                0x08001b18     0x107c ./Drivers/STM32F3xx_HAL_Driver/Src/stm32f3xx_hal_rcc.o
                0x08001b18                HAL_RCC_OscConfig
 .text.HAL_RCC_ClockConfig
                0x08002b94      0x2f8 ./Drivers/STM32F3xx_HAL_Driver/Src/stm32f3xx_hal_rcc.o
                0x08002b94                HAL_RCC_ClockConfig
 .text.HAL_RCC_GetSysClockFreq
                0x08002e8c       0xa8 ./Drivers/STM32F3xx_HAL_Driver/Src/stm32f3xx_hal_rcc.o
                0x08002e8c                HAL_RCC_GetSysClockFreq
 .text.HAL_RCCEx_PeriphCLKConfig
                0x08002f34      0x24c ./Drivers/STM32F3xx_HAL_Driver/Src/stm32f3xx_hal_rcc_ex.o
                0x08002f34                HAL_RCCEx_PeriphCLKConfig
 .text.memset   0x08003180       0x10 /Applications/STM32CubeIDE.app/Contents/Eclipse/plugins/com.st.stm32cube.ide.mcu.externaltools.gnu-tools-for-stm32.12.3.rel1.macos64_1.0.200.202406191456/tools/bin/../lib/gcc/arm-none-eabi/12.3.1/../../../../arm-none-eabi/lib/thumb/v7e-m+fp/hard/libc_nano.a(libc_a-memset.o)
                0x08003180                memset
 .text.__libc_init_array
                0x08003190       0x48 /Applications/STM32CubeIDE.app/Contents/Eclipse/plugins/com.st.stm32cube.ide.mcu.externaltools.gnu-tools-for-stm32.12.3.rel1.macos64_1.0.200.202406191456/tools/bin/../lib/gcc/arm-none-eabi/12.3.1/../../../../arm-none-eabi/lib/thumb/v7e-m+fp/hard/libc_nano.a(libc_a-init.o)
                0x08003190                __libc_init_array
 .text.memcpy   0x080031d8       0x1c /Applications/STM32CubeIDE.app/Contents/Eclipse/plugins/com.st.stm32cube.ide.mcu.externaltools.gnu-tools-for-stm32.12.3.rel1.macos64_1.0.200.202406191456/tools/bin/../lib/gcc/arm-none-eabi/12.3.1/../../../../arm-none-eabi/lib/thumb/v7e-m+fp/hard/libc_nano.a(libc_a-memcpy-stub.o)
                0x080031d8                memcpy
 *(.glue_7)
 .glue_7        0x080031f4        0x0 linker stubs
 *(.glue_7t)
 .glue_7t       0x080031f4        0x0 linker stubs
 *(.eh_frame)
 .eh_frame      0x080031f4        0x0 /Applications/STM32CubeIDE.app/Contents/Eclipse/plugins/com.st.stm32cube.ide.mcu.externaltools.gnu-tools-for-stm32.12.3.rel1.macos64_1.0.200.202406191456/tools/bin/../lib/gcc/arm-none-eabi/12.3.1/thumb/v7e-m+fp/hard/crtbegin.o
 *(.init)
 .init          0x080031f4        0x4 /Applications/STM32CubeIDE.app/Contents/Eclipse/plugins/com.st.stm32cube.ide.mcu.externaltools.gnu-tools-for-stm32.12.3.rel1.macos64_1.0.200.202406191456/tools/bin/../lib/gcc/arm-none-eabi/12.3.1/thumb/v7e-m+fp/hard/crti.o
                0x080031f4                _init
 .init          0x080031f8        0x8 /Applications/STM32CubeIDE.app/Contents/Eclipse/plugins/com.st.stm32cube.ide.mcu.externaltools.gnu-tools-for-stm32.12.3.rel1.macos64_1.0.200.202406191456/tools/bin/../lib/gcc/arm-none-eabi/12.3.1/thumb/v7e-m+fp/hard/crtn.o
 *(.fini)
 .fini          0x08003200        0x4 /Applications/STM32CubeIDE.app/Contents/Eclipse/plugins/com.st.stm32cube.ide.mcu.externaltools.gnu-tools-for-stm32.12.3.rel1.macos64_1.0.200.202406191456/tools/bin/../lib/gcc/arm-none-eabi/12.3.1/thumb/v7e-m+fp/hard/crti.o
                0x08003200                _fini
 .fini          0x08003204        0x8 /Applications/STM32CubeIDE.app/Contents/Eclipse/plugins/com.st.stm32cube.ide.mcu.externaltools.gnu-tools-for-stm32.12.3.rel1.macos64_1.0.200.202406191456/tools/bin/../lib/gcc/arm-none-eabi/12.3.1/thumb/v7e-m+fp/hard/crtn.o
                0x0800320c                        . = ALIGN (0x4)
                0x0800320c                        _etext = .

.vfp11_veneer   0x0800320c        0x0
 .vfp11_veneer  0x0800320c        0x0 linker stubs

.v4_bx          0x0800320c        0x0
 .v4_bx         0x0800320c        0x0 linker stubs

.iplt           0x0800320c        0x0
 .iplt          0x0800320c        0x0 /Applications/STM32CubeIDE.app/Contents/Eclipse/plugins/com.st.stm32cube.ide.mcu.externaltools.gnu-tools-for-stm32.12.3.rel1.macos64_1.0.200.202406191456/tools/bin/../lib/gcc/arm-none-eabi/12.3.1/thumb/v7e-m+fp/hard/crtbegin.o

.rodata         0x0800320c       0x30
                0x0800320c                        . = ALIGN (0x4)
 *(.rodata)
 *(.rodata*)
 .rodata.AHBPrescTable
                0x0800320c       0x10 ./Core/Src/system_stm32f3xx.o
                0x0800320c                AHBPrescTable
 .rodata.aPLLMULFactorTable
                0x0800321c       0x10 ./Drivers/STM32F3xx_HAL_Driver/Src/stm32f3xx_hal_rcc.o
 .rodata.aPredivFactorTable
                0x0800322c       0x10 ./Drivers/STM32F3xx_HAL_Driver/Src/stm32f3xx_hal_rcc.o
                0x0800323c                        . = ALIGN (0x4)

.ARM.extab      0x0800323c        0x0
                0x0800323c                        . = ALIGN (0x4)
 *(.ARM.extab* .gnu.linkonce.armextab.*)
                0x0800323c                        . = ALIGN (0x4)

.ARM            0x0800323c        0x0
                0x0800323c                        . = ALIGN (0x4)
                0x0800323c                        __exidx_start = .
 *(.ARM.exidx*)
                0x0800323c                        __exidx_end = .
                0x0800323c                        . = ALIGN (0x4)

.preinit_array  0x0800323c        0x0
                0x0800323c                        . = ALIGN (0x4)
                0x0800323c                        PROVIDE (__preinit_array_start = .)
 *(.preinit_array*)
                0x0800323c                        PROVIDE (__preinit_array_end = .)
                0x0800323c                        . = ALIGN (0x4)

.init_array     0x0800323c        0x4
                0x0800323c                        . = ALIGN (0x4)
                0x0800323c                        PROVIDE (__init_array_start = .)
 *(SORT_BY_NAME(.init_array.*))
 *(.init_array*)
 .init_array    0x0800323c        0x4 /Applications/STM32CubeIDE.app/Contents/Eclipse/plugins/com.st.stm32cube.ide.mcu.externaltools.gnu-tools-for-stm32.12.3.rel1.macos64_1.0.200.202406191456/tools/bin/../lib/gcc/arm-none-eabi/12.3.1/thumb/v7e-m+fp/hard/crtbegin.o
                0x08003240                        PROVIDE (__init_array_end = .)
                0x08003240                        . = ALIGN (0x4)

.fini_array     0x08003240        0x4
                0x08003240                        . = ALIGN (0x4)
                [!provide]                        PROVIDE (__fini_array_start = .)
 *(SORT_BY_NAME(.fini_array.*))
 *(.fini_array*)
 .fini_array    0x08003240        0x4 /Applications/STM32CubeIDE.app/Contents/Eclipse/plugins/com.st.stm32cube.ide.mcu.externaltools.gnu-tools-for-stm32.12.3.rel1.macos64_1.0.200.202406191456/tools/bin/../lib/gcc/arm-none-eabi/12.3.1/thumb/v7e-m+fp/hard/crtbegin.o
                [!provide]                        PROVIDE (__fini_array_end = .)
                0x08003244                        . = ALIGN (0x4)
                0x08003244                        _sidata = LOADADDR (.data)

.rel.dyn        0x08003244        0x0
 .rel.iplt      0x08003244        0x0 /Applications/STM32CubeIDE.app/Contents/Eclipse/plugins/com.st.stm32cube.ide.mcu.externaltools.gnu-tools-for-stm32.12.3.rel1.macos64_1.0.200.202406191456/tools/bin/../lib/gcc/arm-none-eabi/12.3.1/thumb/v7e-m+fp/hard/crtbegin.o

.data           0x20000000       0x14 load address 0x08003244
                0x20000000                        . = ALIGN (0x4)
                0x20000000                        _sdata = .
 *(.data)
 *(.data*)
 .data.ADS1115_devAddress
                0x20000000        0x1 ./Core/Src/ads1115.o
                0x20000000                ADS1115_devAddress
 *fill*         0x20000001        0x1 
 .data.ADS1115_dataRate
                0x20000002        0x2 ./Core/Src/ads1115.o
                0x20000002                ADS1115_dataRate
 .data.ADS1115_pga
                0x20000004        0x2 ./Core/Src/ads1115.o
                0x20000004                ADS1115_pga
 *fill*         0x20000006        0x2 
 .data.SystemCoreClock
                0x20000008        0x4 ./Core/Src/system_stm32f3xx.o
                0x20000008                SystemCoreClock
 .data.uwTickPrio
                0x2000000c        0x4 ./Drivers/STM32F3xx_HAL_Driver/Src/stm32f3xx_hal.o
                0x2000000c                uwTickPrio
 .data.uwTickFreq
                0x20000010        0x1 ./Drivers/STM32F3xx_HAL_Driver/Src/stm32f3xx_hal.o
                0x20000010                uwTickFreq
 *(.RamFunc)
 *(.RamFunc*)
                0x20000014                        . = ALIGN (0x4)
 *fill*         0x20000011        0x3 
                0x20000014                        _edata = .
                0x08003258                        _siccmram = LOADADDR (.ccmram)

.igot.plt       0x20000014        0x0 load address 0x08003258
 .igot.plt      0x20000014        0x0 /Applications/STM32CubeIDE.app/Contents/Eclipse/plugins/com.st.stm32cube.ide.mcu.externaltools.gnu-tools-for-stm32.12.3.rel1.macos64_1.0.200.202406191456/tools/bin/../lib/gcc/arm-none-eabi/12.3.1/thumb/v7e-m+fp/hard/crtbegin.o

.ccmram         0x10000000        0x0 load address 0x08003258
                0x10000000                        . = ALIGN (0x4)
                0x10000000                        _sccmram = .
 *(.ccmram)
 *(.ccmram*)
                0x10000000                        . = ALIGN (0x4)
                0x10000000                        _eccmram = .
                0x10000000                        . = ALIGN (0x4)

.bss            0x20000014       0xd4
                0x20000014                        _sbss = .
                0x20000014                        __bss_start__ = _sbss
 *(.bss)
 .bss           0x20000014       0x1c /Applications/STM32CubeIDE.app/Contents/Eclipse/plugins/com.st.stm32cube.ide.mcu.externaltools.gnu-tools-for-stm32.12.3.rel1.macos64_1.0.200.202406191456/tools/bin/../lib/gcc/arm-none-eabi/12.3.1/thumb/v7e-m+fp/hard/crtbegin.o
 *(.bss*)
 .bss.ADS1115_I2C_Handler
                0x20000030       0x54 ./Core/Src/ads1115.o
                0x20000030                ADS1115_I2C_Handler
 .bss.ADS1115_config
                0x20000084        0x2 ./Core/Src/ads1115.o
                0x20000084                ADS1115_config
 *fill*         0x20000086        0x2 
 .bss.ADS1115_rawValue
                0x20000088        0x2 ./Core/Src/ads1115.o
                0x20000088                ADS1115_rawValue
 *fill*         0x2000008a        0x2 
 .bss.ADS1115_voltCoef
                0x2000008c        0x4 ./Core/Src/ads1115.o
                0x2000008c                ADS1115_voltCoef
 .bss.hi2c1     0x20000090       0x54 ./Core/Src/main.o
                0x20000090                hi2c1
 .bss.uwTick    0x200000e4        0x4 ./Drivers/STM32F3xx_HAL_Driver/Src/stm32f3xx_hal.o
                0x200000e4                uwTick
 *(COMMON)
                0x200000e8                        . = ALIGN (0x4)
                0x200000e8                        _ebss = .
                0x200000e8                        __bss_end__ = _ebss

._user_heap_stack
                0x200000e8      0x600
                0x200000e8                        . = ALIGN (0x8)
                [!provide]                        PROVIDE (end = .)
                0x200000e8                        PROVIDE (_end = .)
                0x200002e8                        . = (. + _Min_Heap_Size)
 *fill*         0x200000e8      0x200 
                0x200006e8                        . = (. + _Min_Stack_Size)
 *fill*         0x200002e8      0x400 
                0x200006e8                        . = ALIGN (0x8)

/DISCARD/
 libc.a(*)
 libm.a(*)
 libgcc.a(*)

.ARM.attributes
                0x00000000       0x30
 *(.ARM.attributes)
 .ARM.attributes
                0x00000000       0x22 /Applications/STM32CubeIDE.app/Contents/Eclipse/plugins/com.st.stm32cube.ide.mcu.externaltools.gnu-tools-for-stm32.12.3.rel1.macos64_1.0.200.202406191456/tools/bin/../lib/gcc/arm-none-eabi/12.3.1/thumb/v7e-m+fp/hard/crti.o
 .ARM.attributes
                0x00000022       0x34 /Applications/STM32CubeIDE.app/Contents/Eclipse/plugins/com.st.stm32cube.ide.mcu.externaltools.gnu-tools-for-stm32.12.3.rel1.macos64_1.0.200.202406191456/tools/bin/../lib/gcc/arm-none-eabi/12.3.1/thumb/v7e-m+fp/hard/crtbegin.o
 .ARM.attributes
                0x00000056       0x34 ./Core/Src/ads1115.o
 .ARM.attributes
                0x0000008a       0x34 ./Core/Src/main.o
 .ARM.attributes
                0x000000be       0x34 ./Core/Src/stm32f3xx_hal_msp.o
 .ARM.attributes
                0x000000f2       0x34 ./Core/Src/stm32f3xx_it.o
 .ARM.attributes
                0x00000126       0x34 ./Core/Src/system_stm32f3xx.o
 .ARM.attributes
                0x0000015a       0x21 ./Core/Startup/startup_stm32f303k8tx.o
 .ARM.attributes
                0x0000017b       0x34 ./Drivers/STM32F3xx_HAL_Driver/Src/stm32f3xx_hal.o
 .ARM.attributes
                0x000001af       0x34 ./Drivers/STM32F3xx_HAL_Driver/Src/stm32f3xx_hal_cortex.o
 .ARM.attributes
                0x000001e3       0x34 ./Drivers/STM32F3xx_HAL_Driver/Src/stm32f3xx_hal_gpio.o
 .ARM.attributes
                0x00000217       0x34 ./Drivers/STM32F3xx_HAL_Driver/Src/stm32f3xx_hal_i2c.o
 .ARM.attributes
                0x0000024b       0x34 ./Drivers/STM32F3xx_HAL_Driver/Src/stm32f3xx_hal_i2c_ex.o
 .ARM.attributes
                0x0000027f       0x34 ./Drivers/STM32F3xx_HAL_Driver/Src/stm32f3xx_hal_rcc.o
 .ARM.attributes
                0x000002b3       0x34 ./Drivers/STM32F3xx_HAL_Driver/Src/stm32f3xx_hal_rcc_ex.o
 .ARM.attributes
                0x000002e7       0x34 /Applications/STM32CubeIDE.app/Contents/Eclipse/plugins/com.st.stm32cube.ide.mcu.externaltools.gnu-tools-for-stm32.12.3.rel1.macos64_1.0.200.202406191456/tools/bin/../lib/gcc/arm-none-eabi/12.3.1/../../../../arm-none-eabi/lib/thumb/v7e-m+fp/hard/libc_nano.a(libc_a-memset.o)
 .ARM.attributes
                0x0000031b       0x34 /Applications/STM32CubeIDE.app/Contents/Eclipse/plugins/com.st.stm32cube.ide.mcu.externaltools.gnu-tools-for-stm32.12.3.rel1.macos64_1.0.200.202406191456/tools/bin/../lib/gcc/arm-none-eabi/12.3.1/../../../../arm-none-eabi/lib/thumb/v7e-m+fp/hard/libc_nano.a(libc_a-init.o)
 .ARM.attributes
                0x0000034f       0x34 /Applications/STM32CubeIDE.app/Contents/Eclipse/plugins/com.st.stm32cube.ide.mcu.externaltools.gnu-tools-for-stm32.12.3.rel1.macos64_1.0.200.202406191456/tools/bin/../lib/gcc/arm-none-eabi/12.3.1/../../../../arm-none-eabi/lib/thumb/v7e-m+fp/hard/libc_nano.a(libc_a-memcpy-stub.o)
 .ARM.attributes
                0x00000383       0x22 /Applications/STM32CubeIDE.app/Contents/Eclipse/plugins/com.st.stm32cube.ide.mcu.externaltools.gnu-tools-for-stm32.12.3.rel1.macos64_1.0.200.202406191456/tools/bin/../lib/gcc/arm-none-eabi/12.3.1/thumb/v7e-m+fp/hard/crtn.o
OUTPUT(ADC_Module.elf elf32-littlearm)
LOAD linker stubs
LOAD /Applications/STM32CubeIDE.app/Contents/Eclipse/plugins/com.st.stm32cube.ide.mcu.externaltools.gnu-tools-for-stm32.12.3.rel1.macos64_1.0.200.202406191456/tools/bin/../lib/gcc/arm-none-eabi/12.3.1/../../../../arm-none-eabi/lib/thumb/v7e-m+fp/hard/libc.a
LOAD /Applications/STM32CubeIDE.app/Contents/Eclipse/plugins/com.st.stm32cube.ide.mcu.externaltools.gnu-tools-for-stm32.12.3.rel1.macos64_1.0.200.202406191456/tools/bin/../lib/gcc/arm-none-eabi/12.3.1/../../../../arm-none-eabi/lib/thumb/v7e-m+fp/hard/libm.a
LOAD /Applications/STM32CubeIDE.app/Contents/Eclipse/plugins/com.st.stm32cube.ide.mcu.externaltools.gnu-tools-for-stm32.12.3.rel1.macos64_1.0.200.202406191456/tools/bin/../lib/gcc/arm-none-eabi/12.3.1/thumb/v7e-m+fp/hard/libgcc.a

.debug_info     0x00000000     0x7ba4
 .debug_info    0x00000000      0x7e4 ./Core/Src/ads1115.o
 .debug_info    0x000007e4      0xa46 ./Core/Src/main.o
 .debug_info    0x0000122a      0x87e ./Core/Src/stm32f3xx_hal_msp.o
 .debug_info    0x00001aa8      0x113 ./Core/Src/stm32f3xx_it.o
 .debug_info    0x00001bbb      0x407 ./Core/Src/system_stm32f3xx.o
 .debug_info    0x00001fc2       0x30 ./Core/Startup/startup_stm32f303k8tx.o
 .debug_info    0x00001ff2      0x74a ./Drivers/STM32F3xx_HAL_Driver/Src/stm32f3xx_hal.o
 .debug_info    0x0000273c      0xa87 ./Drivers/STM32F3xx_HAL_Driver/Src/stm32f3xx_hal_cortex.o
 .debug_info    0x000031c3      0x6a6 ./Drivers/STM32F3xx_HAL_Driver/Src/stm32f3xx_hal_gpio.o
 .debug_info    0x00003869     0x20c3 ./Drivers/STM32F3xx_HAL_Driver/Src/stm32f3xx_hal_i2c.o
 .debug_info    0x0000592c      0x8c0 ./Drivers/STM32F3xx_HAL_Driver/Src/stm32f3xx_hal_i2c_ex.o
 .debug_info    0x000061ec     0x148a ./Drivers/STM32F3xx_HAL_Driver/Src/stm32f3xx_hal_rcc.o
 .debug_info    0x00007676      0x52e ./Drivers/STM32F3xx_HAL_Driver/Src/stm32f3xx_hal_rcc_ex.o

.debug_abbrev   0x00000000     0x1777
 .debug_abbrev  0x00000000      0x1cf ./Core/Src/ads1115.o
 .debug_abbrev  0x000001cf      0x22e ./Core/Src/main.o
 .debug_abbrev  0x000003fd      0x1af ./Core/Src/stm32f3xx_hal_msp.o
 .debug_abbrev  0x000005ac       0x73 ./Core/Src/stm32f3xx_it.o
 .debug_abbrev  0x0000061f      0x11a ./Core/Src/system_stm32f3xx.o
 .debug_abbrev  0x00000739       0x24 ./Core/Startup/startup_stm32f303k8tx.o
 .debug_abbrev  0x0000075d      0x215 ./Drivers/STM32F3xx_HAL_Driver/Src/stm32f3xx_hal.o
 .debug_abbrev  0x00000972      0x2f8 ./Drivers/STM32F3xx_HAL_Driver/Src/stm32f3xx_hal_cortex.o
 .debug_abbrev  0x00000c6a      0x1ca ./Drivers/STM32F3xx_HAL_Driver/Src/stm32f3xx_hal_gpio.o
 .debug_abbrev  0x00000e34      0x260 ./Drivers/STM32F3xx_HAL_Driver/Src/stm32f3xx_hal_i2c.o
 .debug_abbrev  0x00001094      0x1c2 ./Drivers/STM32F3xx_HAL_Driver/Src/stm32f3xx_hal_i2c_ex.o
 .debug_abbrev  0x00001256      0x300 ./Drivers/STM32F3xx_HAL_Driver/Src/stm32f3xx_hal_rcc.o
 .debug_abbrev  0x00001556      0x221 ./Drivers/STM32F3xx_HAL_Driver/Src/stm32f3xx_hal_rcc_ex.o

.debug_aranges  0x00000000      0x728
 .debug_aranges
                0x00000000       0x28 ./Core/Src/ads1115.o
 .debug_aranges
                0x00000028       0x40 ./Core/Src/main.o
 .debug_aranges
                0x00000068       0x30 ./Core/Src/stm32f3xx_hal_msp.o
 .debug_aranges
                0x00000098       0x60 ./Core/Src/stm32f3xx_it.o
 .debug_aranges
                0x000000f8       0x28 ./Core/Src/system_stm32f3xx.o
 .debug_aranges
                0x00000120       0x28 ./Core/Startup/startup_stm32f303k8tx.o
 .debug_aranges
                0x00000148       0xe0 ./Drivers/STM32F3xx_HAL_Driver/Src/stm32f3xx_hal.o
 .debug_aranges
                0x00000228      0x100 ./Drivers/STM32F3xx_HAL_Driver/Src/stm32f3xx_hal_cortex.o
 .debug_aranges
                0x00000328       0x58 ./Drivers/STM32F3xx_HAL_Driver/Src/stm32f3xx_hal_gpio.o
 .debug_aranges
                0x00000380      0x2a0 ./Drivers/STM32F3xx_HAL_Driver/Src/stm32f3xx_hal_i2c.o
 .debug_aranges
                0x00000620       0x48 ./Drivers/STM32F3xx_HAL_Driver/Src/stm32f3xx_hal_i2c_ex.o
 .debug_aranges
                0x00000668       0x88 ./Drivers/STM32F3xx_HAL_Driver/Src/stm32f3xx_hal_rcc.o
 .debug_aranges
                0x000006f0       0x38 ./Drivers/STM32F3xx_HAL_Driver/Src/stm32f3xx_hal_rcc_ex.o

.debug_rnglists
                0x00000000      0x565
 .debug_rnglists
                0x00000000       0x1b ./Core/Src/ads1115.o
 .debug_rnglists
                0x0000001b       0x2d ./Core/Src/main.o
 .debug_rnglists
                0x00000048       0x20 ./Core/Src/stm32f3xx_hal_msp.o
 .debug_rnglists
                0x00000068       0x43 ./Core/Src/stm32f3xx_it.o
 .debug_rnglists
                0x000000ab       0x1a ./Core/Src/system_stm32f3xx.o
 .debug_rnglists
                0x000000c5       0x19 ./Core/Startup/startup_stm32f303k8tx.o
 .debug_rnglists
                0x000000de       0xa3 ./Drivers/STM32F3xx_HAL_Driver/Src/stm32f3xx_hal.o
 .debug_rnglists
                0x00000181       0xbb ./Drivers/STM32F3xx_HAL_Driver/Src/stm32f3xx_hal_cortex.o
 .debug_rnglists
                0x0000023c       0x3f ./Drivers/STM32F3xx_HAL_Driver/Src/stm32f3xx_hal_gpio.o
 .debug_rnglists
                0x0000027b      0x228 ./Drivers/STM32F3xx_HAL_Driver/Src/stm32f3xx_hal_i2c.o
 .debug_rnglists
                0x000004a3       0x35 ./Drivers/STM32F3xx_HAL_Driver/Src/stm32f3xx_hal_i2c_ex.o
 .debug_rnglists
                0x000004d8       0x66 ./Drivers/STM32F3xx_HAL_Driver/Src/stm32f3xx_hal_rcc.o
 .debug_rnglists
                0x0000053e       0x27 ./Drivers/STM32F3xx_HAL_Driver/Src/stm32f3xx_hal_rcc_ex.o

.debug_macro    0x00000000    0x19ef7
 .debug_macro   0x00000000      0x274 ./Core/Src/ads1115.o
 .debug_macro   0x00000274      0xab4 ./Core/Src/ads1115.o
 .debug_macro   0x00000d28      0x14b ./Core/Src/ads1115.o
 .debug_macro   0x00000e73       0x2e ./Core/Src/ads1115.o
 .debug_macro   0x00000ea1       0x28 ./Core/Src/ads1115.o
 .debug_macro   0x00000ec9       0x22 ./Core/Src/ads1115.o
 .debug_macro   0x00000eeb       0x8e ./Core/Src/ads1115.o
 .debug_macro   0x00000f79       0x51 ./Core/Src/ads1115.o
 .debug_macro   0x00000fca      0x103 ./Core/Src/ads1115.o
 .debug_macro   0x000010cd       0x6a ./Core/Src/ads1115.o
 .debug_macro   0x00001137      0x1df ./Core/Src/ads1115.o
 .debug_macro   0x00001316       0x1c ./Core/Src/ads1115.o
 .debug_macro   0x00001332       0x22 ./Core/Src/ads1115.o
 .debug_macro   0x00001354       0xd9 ./Core/Src/ads1115.o
 .debug_macro   0x0000142d      0xf07 ./Core/Src/ads1115.o
 .debug_macro   0x00002334    0x10be0 ./Core/Src/ads1115.o
 .debug_macro   0x00012f14       0x6d ./Core/Src/ads1115.o
 .debug_macro   0x00012f81     0x3574 ./Core/Src/ads1115.o
 .debug_macro   0x000164f5      0x189 ./Core/Src/ads1115.o
 .debug_macro   0x0001667e       0x55 ./Core/Src/ads1115.o
 .debug_macro   0x000166d3      0x8f8 ./Core/Src/ads1115.o
 .debug_macro   0x00016fcb      0x304 ./Core/Src/ads1115.o
 .debug_macro   0x000172cf      0x1b5 ./Core/Src/ads1115.o
 .debug_macro   0x00017484      0x11b ./Core/Src/ads1115.o
 .debug_macro   0x0001759f      0x1d5 ./Core/Src/ads1115.o
 .debug_macro   0x00017774      0x1bc ./Core/Src/ads1115.o
 .debug_macro   0x00017930       0x34 ./Core/Src/ads1115.o
 .debug_macro   0x00017964       0x3c ./Core/Src/ads1115.o
 .debug_macro   0x000179a0       0x57 ./Core/Src/ads1115.o
 .debug_macro   0x000179f7       0xc5 ./Core/Src/ads1115.o
 .debug_macro   0x00017abc      0x19f ./Core/Src/ads1115.o
 .debug_macro   0x00017c5b      0x22c ./Core/Src/ads1115.o
 .debug_macro   0x00017e87       0x5b ./Core/Src/ads1115.o
 .debug_macro   0x00017ee2       0xa5 ./Core/Src/ads1115.o
 .debug_macro   0x00017f87       0x81 ./Core/Src/ads1115.o
 .debug_macro   0x00018008       0xd3 ./Core/Src/ads1115.o
 .debug_macro   0x000180db      0x285 ./Core/Src/ads1115.o
 .debug_macro   0x00018360       0x61 ./Core/Src/ads1115.o
 .debug_macro   0x000183c1       0x2a ./Core/Src/ads1115.o
 .debug_macro   0x000183eb       0x43 ./Core/Src/ads1115.o
 .debug_macro   0x0001842e       0x34 ./Core/Src/ads1115.o
 .debug_macro   0x00018462       0x16 ./Core/Src/ads1115.o
 .debug_macro   0x00018478       0x43 ./Core/Src/ads1115.o
 .debug_macro   0x000184bb       0x34 ./Core/Src/ads1115.o
 .debug_macro   0x000184ef       0x10 ./Core/Src/ads1115.o
 .debug_macro   0x000184ff       0x58 ./Core/Src/ads1115.o
 .debug_macro   0x00018557       0x8e ./Core/Src/ads1115.o
 .debug_macro   0x000185e5       0x1c ./Core/Src/ads1115.o
 .debug_macro   0x00018601      0x177 ./Core/Src/ads1115.o
 .debug_macro   0x00018778      0x369 ./Core/Src/ads1115.o
 .debug_macro   0x00018ae1       0x10 ./Core/Src/ads1115.o
 .debug_macro   0x00018af1       0x35 ./Core/Src/ads1115.o
 .debug_macro   0x00018b26       0x20 ./Core/Src/ads1115.o
 .debug_macro   0x00018b46       0xa6 ./Core/Src/ads1115.o
 .debug_macro   0x00018bec      0x1b0 ./Core/Src/main.o
 .debug_macro   0x00018d9c      0x1a7 ./Core/Src/stm32f3xx_hal_msp.o
 .debug_macro   0x00018f43      0x1b1 ./Core/Src/stm32f3xx_it.o
 .debug_macro   0x000190f4      0x19d ./Core/Src/system_stm32f3xx.o
 .debug_macro   0x00019291      0x1c1 ./Drivers/STM32F3xx_HAL_Driver/Src/stm32f3xx_hal.o
 .debug_macro   0x00019452      0x19d ./Drivers/STM32F3xx_HAL_Driver/Src/stm32f3xx_hal_cortex.o
 .debug_macro   0x000195ef      0x1a4 ./Drivers/STM32F3xx_HAL_Driver/Src/stm32f3xx_hal_gpio.o
 .debug_macro   0x00019793      0x269 ./Drivers/STM32F3xx_HAL_Driver/Src/stm32f3xx_hal_i2c.o
 .debug_macro   0x000199fc      0x19d ./Drivers/STM32F3xx_HAL_Driver/Src/stm32f3xx_hal_i2c_ex.o
 .debug_macro   0x00019b99      0x1c1 ./Drivers/STM32F3xx_HAL_Driver/Src/stm32f3xx_hal_rcc.o
 .debug_macro   0x00019d5a      0x19d ./Drivers/STM32F3xx_HAL_Driver/Src/stm32f3xx_hal_rcc_ex.o

.debug_line     0x00000000     0xa487
 .debug_line    0x00000000      0x8b2 ./Core/Src/ads1115.o
 .debug_line    0x000008b2      0x799 ./Core/Src/main.o
 .debug_line    0x0000104b      0x6ea ./Core/Src/stm32f3xx_hal_msp.o
 .debug_line    0x00001735      0x75e ./Core/Src/stm32f3xx_it.o
 .debug_line    0x00001e93      0x715 ./Core/Src/system_stm32f3xx.o
 .debug_line    0x000025a8       0x7a ./Core/Startup/startup_stm32f303k8tx.o
 .debug_line    0x00002622      0x94d ./Drivers/STM32F3xx_HAL_Driver/Src/stm32f3xx_hal.o
 .debug_line    0x00002f6f      0xb33 ./Drivers/STM32F3xx_HAL_Driver/Src/stm32f3xx_hal_cortex.o
 .debug_line    0x00003aa2      0xab0 ./Drivers/STM32F3xx_HAL_Driver/Src/stm32f3xx_hal_gpio.o
 .debug_line    0x00004552     0x39c4 ./Drivers/STM32F3xx_HAL_Driver/Src/stm32f3xx_hal_i2c.o
 .debug_line    0x00007f16      0x8b9 ./Drivers/STM32F3xx_HAL_Driver/Src/stm32f3xx_hal_i2c_ex.o
 .debug_line    0x000087cf     0x12e1 ./Drivers/STM32F3xx_HAL_Driver/Src/stm32f3xx_hal_rcc.o
 .debug_line    0x00009ab0      0x9d7 ./Drivers/STM32F3xx_HAL_Driver/Src/stm32f3xx_hal_rcc_ex.o

.debug_str      0x00000000    0x96ba0
 .debug_str     0x00000000    0x94945 ./Core/Src/ads1115.o
                              0x94c76 (size before relaxing)
 .debug_str     0x00094945      0x2e4 ./Core/Src/main.o
                              0x91d1b (size before relaxing)
 .debug_str     0x00094c29       0xd9 ./Core/Src/stm32f3xx_hal_msp.o
                              0x917f2 (size before relaxing)
 .debug_str     0x00094d02       0xc9 ./Core/Src/stm32f3xx_it.o
                              0x912b8 (size before relaxing)
 .debug_str     0x00094dcb       0xe9 ./Core/Src/system_stm32f3xx.o
                              0x91347 (size before relaxing)
 .debug_str     0x00094eb4       0x44 ./Core/Startup/startup_stm32f303k8tx.o
                                 0x7f (size before relaxing)
 .debug_str     0x00094ef8      0x5f3 ./Drivers/STM32F3xx_HAL_Driver/Src/stm32f3xx_hal.o
                              0x91a37 (size before relaxing)
 .debug_str     0x000954eb      0x267 ./Drivers/STM32F3xx_HAL_Driver/Src/stm32f3xx_hal_cortex.o
                              0x9195c (size before relaxing)
 .debug_str     0x00095752      0x1ca ./Drivers/STM32F3xx_HAL_Driver/Src/stm32f3xx_hal_gpio.o
                              0x91526 (size before relaxing)
 .debug_str     0x0009591c      0xe48 ./Drivers/STM32F3xx_HAL_Driver/Src/stm32f3xx_hal_i2c.o
                              0x92647 (size before relaxing)
 .debug_str     0x00096764       0xb8 ./Drivers/STM32F3xx_HAL_Driver/Src/stm32f3xx_hal_i2c_ex.o
                              0x918c4 (size before relaxing)
 .debug_str     0x0009681c      0x2c6 ./Drivers/STM32F3xx_HAL_Driver/Src/stm32f3xx_hal_rcc.o
                              0x917e7 (size before relaxing)
 .debug_str     0x00096ae2       0xbe ./Drivers/STM32F3xx_HAL_Driver/Src/stm32f3xx_hal_rcc_ex.o
                              0x914e6 (size before relaxing)

.comment        0x00000000       0x43
 .comment       0x00000000       0x43 ./Core/Src/ads1115.o
                                 0x44 (size before relaxing)
 .comment       0x00000043       0x44 ./Core/Src/main.o
 .comment       0x00000043       0x44 ./Core/Src/stm32f3xx_hal_msp.o
 .comment       0x00000043       0x44 ./Core/Src/stm32f3xx_it.o
 .comment       0x00000043       0x44 ./Core/Src/system_stm32f3xx.o
 .comment       0x00000043       0x44 ./Drivers/STM32F3xx_HAL_Driver/Src/stm32f3xx_hal.o
 .comment       0x00000043       0x44 ./Drivers/STM32F3xx_HAL_Driver/Src/stm32f3xx_hal_cortex.o
 .comment       0x00000043       0x44 ./Drivers/STM32F3xx_HAL_Driver/Src/stm32f3xx_hal_gpio.o
 .comment       0x00000043       0x44 ./Drivers/STM32F3xx_HAL_Driver/Src/stm32f3xx_hal_i2c.o
 .comment       0x00000043       0x44 ./Drivers/STM32F3xx_HAL_Driver/Src/stm32f3xx_hal_i2c_ex.o
 .comment       0x00000043       0x44 ./Drivers/STM32F3xx_HAL_Driver/Src/stm32f3xx_hal_rcc.o
 .comment       0x00000043       0x44 ./Drivers/STM32F3xx_HAL_Driver/Src/stm32f3xx_hal_rcc_ex.o

.debug_frame    0x00000000     0x1bfc
 .debug_frame   0x00000000       0x5c ./Core/Src/ads1115.o
 .debug_frame   0x0000005c       0xb0 ./Core/Src/main.o
 .debug_frame   0x0000010c       0x80 ./Core/Src/stm32f3xx_hal_msp.o
 .debug_frame   0x0000018c      0x104 ./Core/Src/stm32f3xx_it.o
 .debug_frame   0x00000290       0x58 ./Core/Src/system_stm32f3xx.o
 .debug_frame   0x000002e8      0x334 ./Drivers/STM32F3xx_HAL_Driver/Src/stm32f3xx_hal.o
 .debug_frame   0x0000061c      0x428 ./Drivers/STM32F3xx_HAL_Driver/Src/stm32f3xx_hal_cortex.o
 .debug_frame   0x00000a44      0x14c ./Drivers/STM32F3xx_HAL_Driver/Src/stm32f3xx_hal_gpio.o
 .debug_frame   0x00000b90      0xc38 ./Drivers/STM32F3xx_HAL_Driver/Src/stm32f3xx_hal_i2c.o
 .debug_frame   0x000017c8      0x100 ./Drivers/STM32F3xx_HAL_Driver/Src/stm32f3xx_hal_i2c_ex.o
 .debug_frame   0x000018c8      0x214 ./Drivers/STM32F3xx_HAL_Driver/Src/stm32f3xx_hal_rcc.o
 .debug_frame   0x00001adc       0xac ./Drivers/STM32F3xx_HAL_Driver/Src/stm32f3xx_hal_rcc_ex.o
 .debug_frame   0x00001b88       0x20 /Applications/STM32CubeIDE.app/Contents/Eclipse/plugins/com.st.stm32cube.ide.mcu.externaltools.gnu-tools-for-stm32.12.3.rel1.macos64_1.0.200.202406191456/tools/bin/../lib/gcc/arm-none-eabi/12.3.1/../../../../arm-none-eabi/lib/thumb/v7e-m+fp/hard/libc_nano.a(libc_a-memset.o)
 .debug_frame   0x00001ba8       0x2c /Applications/STM32CubeIDE.app/Contents/Eclipse/plugins/com.st.stm32cube.ide.mcu.externaltools.gnu-tools-for-stm32.12.3.rel1.macos64_1.0.200.202406191456/tools/bin/../lib/gcc/arm-none-eabi/12.3.1/../../../../arm-none-eabi/lib/thumb/v7e-m+fp/hard/libc_nano.a(libc_a-init.o)
 .debug_frame   0x00001bd4       0x28 /Applications/STM32CubeIDE.app/Contents/Eclipse/plugins/com.st.stm32cube.ide.mcu.externaltools.gnu-tools-for-stm32.12.3.rel1.macos64_1.0.200.202406191456/tools/bin/../lib/gcc/arm-none-eabi/12.3.1/../../../../arm-none-eabi/lib/thumb/v7e-m+fp/hard/libc_nano.a(libc_a-memcpy-stub.o)

.debug_line_str
                0x00000000       0x63
 .debug_line_str
                0x00000000       0x63 ./Core/Startup/startup_stm32f303k8tx.o
